Trial distributed_job_queue__CXgBe6A failed: Docker compose command failed for environment fazaa/distributed_job_queue. Command: docker compose --project-name distributed_job_queue__cxgbe6a --project-directory /Users/faza/Documents/Dev/terminalbench-tasks/distributed_job_queue/environment -f /Users/faza/.local/share/uv/tools/harbor/lib/python3.12/site-packages/harbor/environments/docker/docker-compose-base.yaml -f /Users/faza/.local/share/uv/tools/harbor/lib/python3.12/site-packages/harbor/environments/docker/docker-compose-build.yaml build. Return code: 1. Stdout: #1 [internal] load local bake definitions
#1 reading from stdin 478B done
#1 DONE 0.0s

#2 [internal] load build definition from Dockerfile
#2 transferring dockerfile: 521B 0.0s done
#2 DONE 0.0s

#3 [internal] load metadata for docker.io/library/python:3.12-slim
#3 ERROR: failed to authorize: failed to fetch anonymous token: Get "https://auth.docker.io/token?scope=repository%3Alibrary%2Fpython%3Apull&service=registry.docker.io": net/http: TLS handshake timeout
------
 > [internal] load metadata for docker.io/library/python:3.12-slim:
------
Dockerfile:1

--------------------

   1 | >>> FROM python:3.12-slim

   2 |     

   3 |     WORKDIR /app

--------------------

failed to solve: failed to fetch anonymous token: Get "https://auth.docker.io/token?scope=repository%3Alibrary%2Fpython%3Apull&service=registry.docker.io": net/http: TLS handshake timeout



View build details: docker-desktop://dashboard/build/desktop-linux/desktop-linux/8edm3gqssbpwsyq2fra3dv0fm

. Stderr: None. 
